###############################################################################
#                                                                             #
# IAR ELF Linker V6.30.1.53127/W32 for ARM              28/Jul/2015  13:02:29 #
# Copyright 2007-2011 IAR Systems AB.                                         #
#                                                                             #
#    Output file  =  C:\Users\lz\Desktop\7.27\build\cs_demo\Debug\Exe\cs_demo #
#                    .out                                                     #
#    Map file     =  C:\Users\lz\Desktop\7.27\build\cs_demo\Debug\List\cs_dem #
#                    o.map                                                    #
#    Command line =  C:\Users\lz\Desktop\7.27\build\cs_demo\Debug\Obj\FTM.o   #
#                    C:\Users\lz\Desktop\7.27\build\cs_demo\Debug\Obj\LED.o   #
#                    C:\Users\lz\Desktop\7.27\build\cs_demo\Debug\Obj\PIT.o   #
#                    C:\Users\lz\Desktop\7.27\build\cs_demo\Debug\Obj\adc.o   #
#                    C:\Users\lz\Desktop\7.27\build\cs_demo\Debug\Obj\alloc.o #
#                     C:\Users\lz\Desktop\7.27\build\cs_demo\Debug\Obj\arm_cm #
#                    4.o C:\Users\lz\Desktop\7.27\build\cs_demo\Debug\Obj\ass #
#                    ert.o C:\Users\lz\Desktop\7.27\build\cs_demo\Debug\Obj\c #
#                    alculation.o C:\Users\lz\Desktop\7.27\build\cs_demo\Debu #
#                    g\Obj\crt0.o C:\Users\lz\Desktop\7.27\build\cs_demo\Debu #
#                    g\Obj\delay.o C:\Users\lz\Desktop\7.27\build\cs_demo\Deb #
#                    ug\Obj\direct.o C:\Users\lz\Desktop\7.27\build\cs_demo\D #
#                    ebug\Obj\dma.o C:\Users\lz\Desktop\7.27\build\cs_demo\De #
#                    bug\Obj\exti.o C:\Users\lz\Desktop\7.27\build\cs_demo\De #
#                    bug\Obj\flash.o C:\Users\lz\Desktop\7.27\build\cs_demo\D #
#                    ebug\Obj\freecars.o C:\Users\lz\Desktop\7.27\build\cs_de #
#                    mo\Debug\Obj\gpio.o C:\Users\lz\Desktop\7.27\build\cs_de #
#                    mo\Debug\Obj\hardware.o C:\Users\lz\Desktop\7.27\build\c #
#                    s_demo\Debug\Obj\io.o C:\Users\lz\Desktop\7.27\build\cs_ #
#                    demo\Debug\Obj\isr.o C:\Users\lz\Desktop\7.27\build\cs_d #
#                    emo\Debug\Obj\lptmr.o C:\Users\lz\Desktop\7.27\build\cs_ #
#                    demo\Debug\Obj\main.o C:\Users\lz\Desktop\7.27\build\cs_ #
#                    demo\Debug\Obj\mcg.o C:\Users\lz\Desktop\7.27\build\cs_d #
#                    emo\Debug\Obj\memtest.o C:\Users\lz\Desktop\7.27\build\c #
#                    s_demo\Debug\Obj\nokia5110.o                             #
#                    C:\Users\lz\Desktop\7.27\build\cs_demo\Debug\Obj\oled.o  #
#                    C:\Users\lz\Desktop\7.27\build\cs_demo\Debug\Obj\printf. #
#                    o C:\Users\lz\Desktop\7.27\build\cs_demo\Debug\Obj\queue #
#                    .o C:\Users\lz\Desktop\7.27\build\cs_demo\Debug\Obj\spee #
#                    d.o C:\Users\lz\Desktop\7.27\build\cs_demo\Debug\Obj\sta #
#                    rt.o C:\Users\lz\Desktop\7.27\build\cs_demo\Debug\Obj\st #
#                    artup.o C:\Users\lz\Desktop\7.27\build\cs_demo\Debug\Obj #
#                    \stdlib.o C:\Users\lz\Desktop\7.27\build\cs_demo\Debug\O #
#                    bj\sysinit.o C:\Users\lz\Desktop\7.27\build\cs_demo\Debu #
#                    g\Obj\uart.o C:\Users\lz\Desktop\7.27\build\cs_demo\Debu #
#                    g\Obj\uif.o C:\Users\lz\Desktop\7.27\build\cs_demo\Debug #
#                    \Obj\vectors.o C:\Users\lz\Desktop\7.27\build\cs_demo\De #
#                    bug\Obj\wdog.o C:\Users\lz\Desktop\7.27\build\cs_demo\De #
#                    bug\Obj\zlcontrol.o -o C:\Users\lz\Desktop\7.27\build\cs #
#                    _demo\Debug\Exe\cs_demo.out --map                        #
#                    C:\Users\lz\Desktop\7.27\build\cs_demo\Debug\List\cs_dem #
#                    o.map --config "D:\飞思卡尔10\BF\可用11111111111111111\5 #
#                    月29保底可用\build\config files\512KB_Pflash.icf"        #
#                    --semihosting --entry __iar_program_start --vfe          #
#                                                                             #
#                                                                             #
###############################################################################

*******************************************************************************
*** RUNTIME MODEL ATTRIBUTES
***

CppFlavor       = *
__SystemLibrary = DLib


*******************************************************************************
*** PLACEMENT SUMMARY
***

"A1":  place at 0x00000000 { ro section .intvec };
"A2":  place at 0x00000410 { ro section .noinit };
"P1":  place in [from 0x00000000 to 0x00080000] { ro, block CodeRelocate };
"P2":  place in [from 0x1fff0410 to 0x20010000] {
          rw, block CodeRelocateRam, block CSTACK, block HEAP };

  Section              Kind        Address    Size  Object
  -------              ----        -------    ----  ------
"A1":                                        0x410
  .intvec              const    0x00000000   0x410  vectors.o [1]
                              - 0x00000410   0x410

"A2":                                         0x3c
  .noinit              ro code  0x00000410    0x3c  crt0.o [1]
                              - 0x0000044c    0x3c

"P1":                                       0x64f0
  .text                ro code  0x0000044c  0x1110  calculation.o [1]
  .text                ro code  0x0000155c    0xec  gpio.o [1]
  .text                ro code  0x00001648   0x3ba  adc.o [1]
  .text                ro code  0x00001a02    0x22  zero_init3.o [5]
  .text                ro code  0x00001a24    0x2c  I32ToDbl.o [4]
  .text                ro code  0x00001a50   0x1a2  DblMul.o [4]
  .text                ro code  0x00001bf2     0x2  vectors.o [1]
  .text                ro code  0x00001bf4    0x4c  DblToI32.o [4]
  .text                ro code  0x00001c40   0x414  oled.o [1]
  .text                ro code  0x00002054    0xe8  freecars.o [1]
  .text                ro code  0x0000213c    0x20  assert.o [1]
  .text                ro code  0x0000215c   0x20c  uart.o [1]
  .text                ro code  0x00002368    0xb4  LED.o [1]
  .text                ro code  0x0000241c   0x55c  printf.o [1]
  .text                ro code  0x00002978    0x24  delay.o [1]
  .text                ro code  0x0000299c    0x20  stdlib.o [1]
  Veneer               ro code  0x000029bc     0x8  - Linker created -
  Veneer               ro code  0x000029c4     0x8  - Linker created -
  Veneer               ro code  0x000029cc     0x8  - Linker created -
  .text                ro code  0x000029d4   0xc98  main.o [1]
  .text                ro code  0x0000366c   0x568  FTM.o [1]
  .text                ro code  0x00003bd4    0x70  PIT.o [1]
  .text                ro code  0x00003c44    0x32  I32ToFlt.o [4]
  .text                ro code  0x00003c78   0x128  hardware.o [1]
  .text                ro code  0x00003da0    0xbc  arm_cm4.o [1]
  .text                ro code  0x00003e5c     0x6  ABImemclr4.o [5]
  .text                ro code  0x00003e64    0x44  FltToS32.o [4]
  .text                ro code  0x00003ea8    0x32  ABImemset48.o [5]
  .rodata              const    0x00003edc   0x5f0  oled.o [1]
  .text                ro code  0x000044cc   0x520  start.o [1]
  .text                ro code  0x000049ec    0x38  wdog.o [1]
  .text                ro code  0x00004a24    0xc0  startup.o [1]
  .text                ro code  0x00004ae4    0x5c  sysinit.o [1]
  Veneer               ro code  0x00004b40     0x8  - Linker created -
  .text                ro code  0x00004b48   0x304  mcg.o [1]
  .text                ro code  0x00004e4c   0x460  speed.o [1]
  .text                ro code  0x000052ac    0xe6  FltSub.o [4]
  .text                ro code  0x00005394    0x84  FltAdd.o [4]
  .text                ro code  0x00005418    0xd8  FltMul.o [4]
  .text                ro code  0x000054f0    0x24  FltCmpGe.o [4]
  .text                ro code  0x00005514    0x24  FltCmpLe.o [4]
  .text                ro code  0x00005538    0x24  FltToU32.o [4]
  .text                ro code  0x0000555c    0x4e  FltToDbl.o [4]
  .text                ro code  0x000055ac    0xe8  DblAdd.o [4]
  .text                ro code  0x00005694    0x90  DblToFlt.o [4]
  .text                ro code  0x00005724   0x246  DblDiv.o [4]
  .text                ro code  0x0000596c    0xfc  FltDiv.o [4]
  .text                ro code  0x00005a68   0x16c  DblSub.o [4]
  .text                ro code  0x00005bd4   0x1e4  direct.o [1]
  CodeRelocate                  0x00005db8   0x1d8  <Block>
    Initializer bytes  ro data  0x00005db8   0x1d8  <for CodeRelocateRam-1>
  .text                ro code  0x00005f90   0x164  isr.o [1]
  .text                ro code  0x000060f4   0x148  zlcontrol.o [1]
  .data_init                    0x0000623c    0x74  <Block>
    Initializer bytes  ro data  0x0000623c    0x74  <for .data-1>
  .rodata              const    0x000062b0    0x4c  assert.o [1]
  .rodata              const    0x000062fc    0x48  start.o [1]
  .rodata              const    0x00006344    0x40  start.o [1]
  .rodata              const    0x00006384    0x38  arm_cm4.o [1]
  .rodata              const    0x000063bc    0x38  flash.o [1]
  .rodata              const    0x000063f4    0x38  gpio.o [1]
  .rodata              const    0x0000642c    0x34  FTM.o [1]
  .rodata              const    0x00006460    0x34  adc.o [1]
  .rodata              const    0x00006494    0x2c  start.o [1]
  .text                ro code  0x000064c0    0x2c  data_init3.o [5]
  .rodata              const    0x000064ec    0x28  start.o [1]
  .rodata              const    0x00006514    0x28  start.o [1]
  .iar.init_table      const    0x0000653c    0x10  - Linker created -
  .rodata              const    0x0000654c    0x20  start.o [1]
  .rodata              const    0x0000656c    0x20  start.o [1]
  .rodata              const    0x0000658c    0x20  start.o [1]
  .rodata              const    0x000065ac    0x20  start.o [1]
  .rodata              const    0x000065cc    0x20  start.o [1]
  .rodata              const    0x000065ec    0x1c  start.o [1]
  .rodata              const    0x00006608    0x1c  start.o [1]
  .rodata              const    0x00006624    0x1c  start.o [1]
  .rodata              const    0x00006640    0x18  start.o [1]
  .rodata              const    0x00006658    0x18  start.o [1]
  .rodata              const    0x00006670    0x18  start.o [1]
  .rodata              const    0x00006688    0x18  start.o [1]
  .rodata              const    0x000066a0    0x18  start.o [1]
  .rodata              const    0x000066b8    0x18  start.o [1]
  .rodata              const    0x000066d0    0x18  start.o [1]
  .rodata              const    0x000066e8    0x18  start.o [1]
  .text                ro code  0x00006700    0x16  cmain.o [5]
  .text                ro code  0x00006716     0x4  low_level_init.o [3]
  .text                ro code  0x0000671a     0x4  exit.o [3]
  .text                ro code  0x00006720     0xa  cexit.o [5]
  .text                ro code  0x0000672c    0x14  exit.o [6]
  .rodata              const    0x00006740    0x14  start.o [1]
  .rodata              const    0x00006754    0x14  start.o [1]
  .rodata              const    0x00006768    0x14  start.o [1]
  .rodata              const    0x0000677c    0x14  start.o [1]
  .rodata              const    0x00006790    0x14  start.o [1]
  .rodata              const    0x000067a4    0x14  start.o [1]
  .rodata              const    0x000067b8    0x14  start.o [1]
  .rodata              const    0x000067cc    0x14  start.o [1]
  .rodata              const    0x000067e0    0x10  start.o [1]
  .rodata              const    0x000067f0    0x10  start.o [1]
  .rodata              const    0x00006800    0x10  start.o [1]
  .rodata              const    0x00006810    0x10  start.o [1]
  .rodata              const    0x00006820    0x10  start.o [1]
  .rodata              const    0x00006830    0x10  start.o [1]
  .rodata              const    0x00006840    0x10  start.o [1]
  .rodata              const    0x00006850    0x10  start.o [1]
  .rodata              const    0x00006860    0x10  start.o [1]
  .rodata              const    0x00006870    0x10  start.o [1]
  .rodata              const    0x00006880    0x10  start.o [1]
  .rodata              const    0x00006890    0x10  start.o [1]
  .rodata              const    0x000068a0    0x10  start.o [1]
  .text                ro code  0x000068b0    0x10  io.o [1]
  .rodata              const    0x000068c0     0xc  start.o [1]
  .rodata              const    0x000068cc     0xc  start.o [1]
  .rodata              const    0x000068d8     0xc  start.o [1]
  .rodata              const    0x000068e4     0xc  start.o [1]
  .text                ro code  0x000068f0     0xc  cstartup_M.o [5]
  .rodata              const    0x000068fc     0x8  start.o [1]
  .rodata              const    0x00006904     0x8  start.o [1]
  .rodata              const    0x0000690c     0x8  start.o [1]
  .rodata              const    0x00006914     0x8  start.o [1]
  .rodata              const    0x0000691c     0x8  start.o [1]
  .rodata              const    0x00006924     0x8  start.o [1]
  .rodata              const    0x0000692c     0x8  start.o [1]
  .rodata              const    0x00006934     0x8  start.o [1]
  .rodata              const    0x0000693c     0x0  bwt_init3c.o [5]
                              - 0x0000693c  0x64f0

"P2", part 1 of 2:                           0x24c
  CodeRelocateRam               0x1fff0410   0x1d8  <Block>
    CodeRelocateRam-1           0x1fff0410   0x1d8  <Init block>
      Veneer           inited   0x1fff0410     0x8  - Linker created -
      .textrw          inited   0x1fff0418   0x180  flash.o [1]
      .textrw          inited   0x1fff0598    0x50  mcg.o [1]
  .data                         0x1fff05e8    0x74  <Block>
    .data-1                     0x1fff05e8    0x74  <Init block>
      .data            inited   0x1fff05e8     0xc  FTM.o [1]
      .data            inited   0x1fff05f4     0x8  adc.o [1]
      .data            inited   0x1fff05fc     0x4  calculation.o [1]
      .data            inited   0x1fff0600     0x4  calculation.o [1]
      .data            inited   0x1fff0604     0x4  calculation.o [1]
      .data            inited   0x1fff0608     0x4  calculation.o [1]
      .data            inited   0x1fff060c     0x4  calculation.o [1]
      .data            inited   0x1fff0610     0x1  freecars.o [1]
      .data            inited   0x1fff0614    0x14  gpio.o [1]
      .data            inited   0x1fff0628    0x14  gpio.o [1]
      .data            inited   0x1fff063c     0x8  mcg.o [1]
      .data            inited   0x1fff0644    0x18  uart.o [1]
                              - 0x1fff065c   0x24c

"P2", part 2 of 2:                           0x6a6
  .bss                          0x1fff065c   0x6a6  <Block>
    .bss               zero     0x1fff065c    0x10  adc.o [1]
    .bss               zero     0x1fff066c     0x4  calculation.o [1]
    .bss               zero     0x1fff0670     0x4  calculation.o [1]
    .bss               zero     0x1fff0674     0x4  calculation.o [1]
    .bss               zero     0x1fff0678     0x4  calculation.o [1]
    .bss               zero     0x1fff067c     0x4  calculation.o [1]
    .bss               zero     0x1fff0680     0x4  calculation.o [1]
    .bss               zero     0x1fff0684     0x4  calculation.o [1]
    .bss               zero     0x1fff0688     0x4  calculation.o [1]
    .bss               zero     0x1fff068c     0x4  calculation.o [1]
    .bss               zero     0x1fff0690     0x4  calculation.o [1]
    .bss               zero     0x1fff0694   0x200  calculation.o [1]
    .bss               zero     0x1fff0894   0x200  calculation.o [1]
    .bss               zero     0x1fff0a94     0x4  calculation.o [1]
    .bss               zero     0x1fff0a98     0x4  calculation.o [1]
    .bss               zero     0x1fff0a9c     0x4  calculation.o [1]
    .bss               zero     0x1fff0aa0     0x4  calculation.o [1]
    .bss               zero     0x1fff0aa4     0x4  calculation.o [1]
    .bss               zero     0x1fff0aa8     0x4  direct.o [1]
    .bss               zero     0x1fff0aac     0x4  direct.o [1]
    .bss               zero     0x1fff0ab0     0x4  direct.o [1]
    .bss               zero     0x1fff0ab4     0x4  direct.o [1]
    .bss               zero     0x1fff0ab8     0x4  direct.o [1]
    .bss               zero     0x1fff0abc     0x4  direct.o [1]
    .bss               zero     0x1fff0ac0     0x4  direct.o [1]
    .bss               zero     0x1fff0ac4     0x4  direct.o [1]
    .bss               zero     0x1fff0ac8     0x4  direct.o [1]
    .bss               zero     0x1fff0acc     0x4  direct.o [1]
    .bss               zero     0x1fff0ad0    0x24  freecars.o [1]
    .bss               zero     0x1fff0af4    0x10  hardware.o [1]
    .bss               zero     0x1fff0b04    0x80  main.o [1]
    .bss               zero     0x1fff0b84    0x80  main.o [1]
    .bss               zero     0x1fff0c04     0x4  main.o [1]
    .bss               zero     0x1fff0c08     0x4  main.o [1]
    .bss               zero     0x1fff0c0c     0x4  main.o [1]
    .bss               zero     0x1fff0c10     0x4  main.o [1]
    .bss               zero     0x1fff0c14     0x4  main.o [1]
    .bss               zero     0x1fff0c18     0x4  main.o [1]
    .bss               zero     0x1fff0c1c     0x4  main.o [1]
    .bss               zero     0x1fff0c20     0x4  main.o [1]
    .bss               zero     0x1fff0c24     0x4  main.o [1]
    .bss               zero     0x1fff0c28     0x4  main.o [1]
    .bss               zero     0x1fff0c2c     0x4  main.o [1]
    .bss               zero     0x1fff0c30     0x4  main.o [1]
    .bss               zero     0x1fff0c34     0x4  main.o [1]
    .bss               zero     0x1fff0c38     0x4  main.o [1]
    .bss               zero     0x1fff0c3c     0x4  main.o [1]
    .bss               zero     0x1fff0c40     0x4  main.o [1]
    .bss               zero     0x1fff0c44     0x4  main.o [1]
    .bss               zero     0x1fff0c48     0x4  main.o [1]
    .bss               zero     0x1fff0c4c     0x4  main.o [1]
    .bss               zero     0x1fff0c50     0x4  main.o [1]
    .bss               zero     0x1fff0c54     0x4  main.o [1]
    .bss               zero     0x1fff0c58     0x4  main.o [1]
    .bss               zero     0x1fff0c5c     0x4  speed.o [1]
    .bss               zero     0x1fff0c60     0x4  speed.o [1]
    .bss               zero     0x1fff0c64     0x4  speed.o [1]
    .bss               zero     0x1fff0c68     0x4  speed.o [1]
    .bss               zero     0x1fff0c6c     0x4  speed.o [1]
    .bss               zero     0x1fff0c70     0x4  speed.o [1]
    .bss               zero     0x1fff0c74     0x4  speed.o [1]
    .bss               zero     0x1fff0c78     0x4  speed.o [1]
    .bss               zero     0x1fff0c7c     0x4  speed.o [1]
    .bss               zero     0x1fff0c80     0x4  speed.o [1]
    .bss               zero     0x1fff0c84     0x4  speed.o [1]
    .bss               zero     0x1fff0c88     0x4  speed.o [1]
    .bss               zero     0x1fff0c8c     0x4  speed.o [1]
    .bss               zero     0x1fff0c90     0x4  speed.o [1]
    .bss               zero     0x1fff0c94     0x4  speed.o [1]
    .bss               zero     0x1fff0c98     0x4  speed.o [1]
    .bss               zero     0x1fff0c9c     0x4  speed.o [1]
    .bss               zero     0x1fff0ca0     0x4  speed.o [1]
    .bss               zero     0x1fff0ca4     0x4  speed.o [1]
    .bss               zero     0x1fff0ca8     0x4  sysinit.o [1]
    .bss               zero     0x1fff0cac     0x4  sysinit.o [1]
    .bss               zero     0x1fff0cb0     0x4  sysinit.o [1]
    .bss               zero     0x1fff0cb4     0x4  zlcontrol.o [1]
    .bss               zero     0x1fff0cb8     0x4  zlcontrol.o [1]
    .bss               zero     0x1fff0cbc     0x4  zlcontrol.o [1]
    .bss               zero     0x1fff0cc0     0x4  zlcontrol.o [1]
    .bss               zero     0x1fff0cc4     0x4  zlcontrol.o [1]
    .bss               zero     0x1fff0cc8     0x4  zlcontrol.o [1]
    .bss               zero     0x1fff0ccc     0x4  zlcontrol.o [1]
    .bss               zero     0x1fff0cd0     0x2  main.o [1]
    .bss               zero     0x1fff0cd2     0x2  speed.o [1]
    .bss               zero     0x1fff0cd4     0x2  speed.o [1]
    .bss               zero     0x1fff0cd6     0x1  calculation.o [1]
    .bss               zero     0x1fff0cd7     0x1  calculation.o [1]
    .bss               zero     0x1fff0cd8     0x1  calculation.o [1]
    .bss               zero     0x1fff0cd9     0x1  calculation.o [1]
    .bss               zero     0x1fff0cda     0x1  calculation.o [1]
    .bss               zero     0x1fff0cdb     0x1  calculation.o [1]
    .bss               zero     0x1fff0cdc     0x1  calculation.o [1]
    .bss               zero     0x1fff0cdd     0x1  calculation.o [1]
    .bss               zero     0x1fff0cde     0x1  calculation.o [1]
    .bss               zero     0x1fff0cdf     0x1  calculation.o [1]
    .bss               zero     0x1fff0ce0     0x1  calculation.o [1]
    .bss               zero     0x1fff0ce1     0x1  calculation.o [1]
    .bss               zero     0x1fff0ce2     0x1  calculation.o [1]
    .bss               zero     0x1fff0ce3     0x1  calculation.o [1]
    .bss               zero     0x1fff0ce4     0x1  calculation.o [1]
    .bss               zero     0x1fff0ce5     0x1  calculation.o [1]
    .bss               zero     0x1fff0ce6     0x1  calculation.o [1]
    .bss               zero     0x1fff0ce7     0x1  calculation.o [1]
    .bss               zero     0x1fff0ce8     0x1  calculation.o [1]
    .bss               zero     0x1fff0ce9     0x1  calculation.o [1]
    .bss               zero     0x1fff0cea     0x1  calculation.o [1]
    .bss               zero     0x1fff0ceb     0x1  calculation.o [1]
    .bss               zero     0x1fff0cec     0x1  calculation.o [1]
    .bss               zero     0x1fff0ced     0x1  direct.o [1]
    .bss               zero     0x1fff0cee     0x1  isr.o [1]
    .bss               zero     0x1fff0cef     0x1  isr.o [1]
    .bss               zero     0x1fff0cf0     0x1  isr.o [1]
    .bss               zero     0x1fff0cf1     0x1  isr.o [1]
    .bss               zero     0x1fff0cf2     0x1  isr.o [1]
    .bss               zero     0x1fff0cf3     0x1  isr.o [1]
    .bss               zero     0x1fff0cf4     0x1  isr.o [1]
    .bss               zero     0x1fff0cf5     0x1  isr.o [1]
    .bss               zero     0x1fff0cf6     0x1  main.o [1]
    .bss               zero     0x1fff0cf7     0x1  main.o [1]
    .bss               zero     0x1fff0cf8     0x1  main.o [1]
    .bss               zero     0x1fff0cf9     0x1  main.o [1]
    .bss               zero     0x1fff0cfa     0x1  main.o [1]
    .bss               zero     0x1fff0cfb     0x1  main.o [1]
    .bss               zero     0x1fff0cfc     0x1  main.o [1]
    .bss               zero     0x1fff0cfd     0x1  main.o [1]
    .bss               zero     0x1fff0cfe     0x1  main.o [1]
    .bss               zero     0x1fff0cff     0x1  main.o [1]
    .bss               zero     0x1fff0d00     0x1  speed.o [1]
    .bss               zero     0x1fff0d01     0x1  speed.o [1]
                              - 0x1fff0d02   0x6a6


*******************************************************************************
*** INIT TABLE
***

          Address     Size
          -------     ----
Zero (__iar_zero_init3)
    1 destination range, total size 0x6a6:
          0x1fff065c  0x6a6



*******************************************************************************
*** MODULE SUMMARY
***

    Module            ro code  rw code  ro data  rw data
    ------            -------  -------  -------  -------
C:\Users\lz\Desktop\7.27\build\cs_demo\Debug\Obj: [1]
    FTM.o               1 384                64       12
    LED.o                 180
    PIT.o                 112
    adc.o                 954                60       24
    arm_cm4.o             188                56
    assert.o               32                76
    calculation.o       4 368                20    1 127
    crt0.o                 60
    delay.o                36
    direct.o              484                         41
    flash.o                        384      440
    freecars.o            232                 1       37
    gpio.o                236                99       40
    hardware.o            296                         16
    io.o                   16
    isr.o                 356                          8
    main.o              3 224                        356
    mcg.o                 772       80       88        8
    oled.o              1 044             1 520
    printf.o            1 372
    speed.o             1 120                         82
    start.o             1 312             1 176
    startup.o             192
    stdlib.o               32
    sysinit.o              92                         12
    uart.o                524                24       24
    vectors.o               2             1 040
    wdog.o                 56
    zlcontrol.o           328                         28
    ----------------------------------------------------
    Total:             19 004      464    4 664    1 815

command line: [2]
    ----------------------------------------------------
    Total:

dl7M_tln.a: [3]
    exit.o                  4
    low_level_init.o        4
    ----------------------------------------------------
    Total:                  8

m7M_tl.a: [4]
    DblAdd.o              232
    DblDiv.o              582
    DblMul.o              418
    DblSub.o              364
    DblToFlt.o            144
    DblToI32.o             76
    FltAdd.o              132
    FltCmpGe.o             36
    FltCmpLe.o             36
    FltDiv.o              252
    FltMul.o              216
    FltSub.o              230
    FltToDbl.o             78
    FltToS32.o             68
    FltToU32.o             36
    I32ToDbl.o             44
    I32ToFlt.o             50
    ----------------------------------------------------
    Total:              2 994

rt7M_tl.a: [5]
    ABImemclr4.o            6
    ABImemset48.o          50
    bwt_init3c.o
    cexit.o                10
    cmain.o                22
    cstartup_M.o           12
    data_init3.o           44
    zero_init3.o           34
    ----------------------------------------------------
    Total:                178

shb_l.a: [6]
    exit.o                 20
    ----------------------------------------------------
    Total:                 20

    Gaps                   14                 2        3
    Linker created         32        8       24
--------------------------------------------------------
    Grand Total:       22 250      472    4 690    1 818


*******************************************************************************
*** ENTRY LIST
***

Entry                      Address   Size  Type      Object
-----                      -------   ----  ----      ------
.bss$$Base              0x1fff065c          --   Gb  - Linker created -
.bss$$Limit             0x1fff0d02          --   Gb  - Linker created -
.data$$Base             0x1fff05e8          --   Gb  - Linker created -
.data$$Limit            0x1fff065c          --   Gb  - Linker created -
.data_init$$Base        0x0000623c          --   Gb  - Linker created -
.data_init$$Limit       0x000062b0          --   Gb  - Linker created -
?main                   0x00006701         Code  Gb  cmain.o [5]
ADCx                    0x1fff05f4    0x8  Data  Gb  adc.o [1]
AD_Calculate            0x00006179   0x7c  Code  Gb  zlcontrol.o [1]
ASSERT_FAILED_STR       0x000062b0   0x4c  Data  Gb  assert.o [1]
Analyze_CCD_Data        0x00000795  0xcb8  Code  Gb  calculation.o [1]
CCD1_Data_Average       0x1fff0a94    0x4  Data  Gb  calculation.o [1]
CCD1_init               0x0000044d   0x24  Code  Gb  calculation.o [1]
CCD2_init               0x00000471   0x24  Code  Gb  calculation.o [1]
CRC_CHECK               0x00003c79   0x4a  Code  Gb  hardware.o [1]
CodeRelocate$$Base      0x00005db8          --   Gb  - Linker created -
CodeRelocate$$Limit     0x00005f90          --   Gb  - Linker created -
CodeRelocateRam$$Base   0x1fff0410          --   Gb  - Linker created -
CodeRelocateRam$$Limit  0x1fff05e8          --   Gb  - Linker created -
D_Kd                    0x1fff0c4c    0x4  Data  Gb  main.o [1]
D_Kdd                   0x1fff0c50    0x4  Data  Gb  main.o [1]
D_Kp                    0x1fff0c48    0x4  Data  Gb  main.o [1]
D_Last_fDValue          0x1fff0aac    0x4  Data  Gb  direct.o [1]
Dvalue_AD_Data_CCD1     0x1fff0694  0x200  Data  Gb  calculation.o [1]
Dvalue_AD_Data_CCD2     0x1fff0894  0x200  Data  Gb  calculation.o [1]
ENC03                   0x1fff0cc8    0x4  Data  Gb  zlcontrol.o [1]
F8X16                   0x00003edc  0x5f0  Data  Gb  oled.o [1]
FTM1_QUAD_Iint          0x0000366d   0xa0  Code  Gb  FTM.o [1]
FTM2_QUAD_Iint          0x0000370d   0xa0  Code  Gb  FTM.o [1]
FTM_PWM_Duty            0x00003ad7   0x84  Code  Gb  FTM.o [1]
FTM_PWM_init            0x000037ad  0x32a  Code  Gb  FTM.o [1]
FTMx                    0x1fff05e8    0xc  Data  Gb  FTM.o [1]
Find_Mid_Place          0x1fff05fc    0x4  Data  Gb  calculation.o [1]
Find_Mid_Place1         0x1fff0600    0x4  Data  Gb  calculation.o [1]
FreeCarsDataNum         0x1fff0610    0x1  Data  Gb  freecars.o [1]
GPIOx                   0x1fff0614   0x14  Data  Gb  gpio.o [1]
Gyro_Now                0x1fff0cb4    0x4  Data  Gb  zlcontrol.o [1]
ImageCapture1           0x000005d1   0xce  Code  Gb  calculation.o [1]
ImageCapture2           0x0000069f   0xce  Code  Gb  calculation.o [1]
LCD_CLS                 0x00001da3   0x3c  Code  Gb  oled.o [1]
LCD_Char                0x00001f07   0x82  Code  Gb  oled.o [1]
LCD_DLY_ms              0x00001ddf   0x18  Code  Gb  oled.o [1]
LCD_Fill                0x00001d63   0x40  Code  Gb  oled.o [1]
LCD_Init                0x00001df7  0x110  Code  Gb  oled.o [1]
LCD_PrintValueI         0x00001f89   0xc2  Code  Gb  oled.o [1]
LCD_Set_Pos             0x00001d3b   0x28  Code  Gb  oled.o [1]
LCD_WrCmd               0x00001cc1   0x7a  Code  Gb  oled.o [1]
LCD_WrDat               0x00001c41   0x7e  Code  Gb  oled.o [1]
LED_init                0x00002369   0x34  Code  Gb  LED.o [1]
L_Max_Data1             0x1fff0674    0x4  Data  Gb  calculation.o [1]
L_Max_Data2             0x1fff0684    0x4  Data  Gb  calculation.o [1]
L_Max_Data3             0x1fff067c    0x4  Data  Gb  calculation.o [1]
L_Max_Data4             0x1fff068c    0x4  Data  Gb  calculation.o [1]
L_Max_Data_Place1       0x1fff0cd6    0x1  Data  Gb  calculation.o [1]
L_Max_Data_Place2       0x1fff0cda    0x1  Data  Gb  calculation.o [1]
L_Max_Data_Place3       0x1fff0cd8    0x1  Data  Gb  calculation.o [1]
L_Max_Data_Place4       0x1fff0cdc    0x1  Data  Gb  calculation.o [1]
Lzhangai                0x1fff0cec    0x1  Data  Gb  calculation.o [1]
MMA7361                 0x1fff0cc4    0x4  Data  Gb  zlcontrol.o [1]
MMA7361level            0x1fff0c04    0x4  Data  Gb  main.o [1]
Master_Adc_Config       0x1fff065c   0x10  Data  Gb  adc.o [1]
Max_Data1               0x1fff066c    0x4  Data  Gb  calculation.o [1]
Min_Data1               0x1fff0670    0x4  Data  Gb  calculation.o [1]
OutData                 0x1fff0af4   0x10  Data  Gb  hardware.o [1]
OutPut_Data             0x00003cc3   0xda  Code  Gb  hardware.o [1]
PIT0_IRQHandler         0x00005f91  0x120  Code  Gb  isr.o [1]
PORTX                   0x1fff0628   0x14  Data  Gb  gpio.o [1]
Pixel1                  0x1fff0b04   0x80  Data  Gb  main.o [1]
Pixel2                  0x1fff0b84   0x80  Data  Gb  main.o [1]
QingHua_AngleCalaulate  0x000060f5   0x5c  Code  Gb  zlcontrol.o [1]
R_Max_Data1             0x1fff0678    0x4  Data  Gb  calculation.o [1]
R_Max_Data2             0x1fff0688    0x4  Data  Gb  calculation.o [1]
R_Max_Data3             0x1fff0680    0x4  Data  Gb  calculation.o [1]
R_Max_Data4             0x1fff0690    0x4  Data  Gb  calculation.o [1]
R_Max_Data_Place1       0x1fff0cd7    0x1  Data  Gb  calculation.o [1]
R_Max_Data_Place2       0x1fff0cdb    0x1  Data  Gb  calculation.o [1]
R_Max_Data_Place3       0x1fff0cd9    0x1  Data  Gb  calculation.o [1]
R_Max_Data_Place4       0x1fff0cdd    0x1  Data  Gb  calculation.o [1]
Rd_Ad_Value             0x00006151   0x28  Code  Gb  zlcontrol.o [1]
Region$$Table$$Base     0x0000653c          --   Gb  - Linker created -
Region$$Table$$Limit    0x0000654c          --   Gb  - Linker created -
Reset_Handler           0x00000411         Code  Gb  crt0.o [1]
Rzhangai                0x1fff0cea    0x1  Data  Gb  calculation.o [1]
S_DError                0x1fff0ca0    0x4  Data  Gb  speed.o [1]
S_Error                 0x1fff0c9c    0x4  Data  Gb  speed.o [1]
S_Ki                    0x1fff0c98    0x4  Data  Gb  speed.o [1]
S_Kiend                 0x1fff0c44    0x4  Data  Gb  main.o [1]
S_Kistart               0x1fff0c3c    0x4  Data  Gb  main.o [1]
S_Kp                    0x1fff0c94    0x4  Data  Gb  speed.o [1]
S_Kpend                 0x1fff0c40    0x4  Data  Gb  main.o [1]
S_Kpstart               0x1fff0c38    0x4  Data  Gb  main.o [1]
S_Pre_Error             0x1fff0ca4    0x4  Data  Gb  speed.o [1]
SamplingDelay           0x00000771   0x24  Code  Gb  calculation.o [1]
Sjishu                  0x1fff0cff    0x1  Data  Gb  main.o [1]
Speed_Calculate         0x000051bf   0x36  Code  Gb  speed.o [1]
Speed_L                 0x1fff0c5c    0x4  Data  Gb  speed.o [1]
Speed_L_Last            0x1fff0c68    0x4  Data  Gb  speed.o [1]
Speed_R                 0x1fff0c60    0x4  Data  Gb  speed.o [1]
Speed_R_Last            0x1fff0c6c    0x4  Data  Gb  speed.o [1]
Sqiwang                 0x1fff0cd0    0x2  Data  Gb  main.o [1]
StartIntegration1       0x00000495   0x9e  Code  Gb  calculation.o [1]
StartIntegration2       0x00000533   0x9e  Code  Gb  calculation.o [1]
UARTx                   0x1fff0644   0x18  Data  Gb  uart.o [1]
Velocity                0x1fff0c8c    0x4  Data  Gb  speed.o [1]
Velocity_1              0x1fff0c90    0x4  Data  Gb  speed.o [1]
__BOOT_STACK_ADDRESS {Abs}
                        0x2000fff8          --   Gb  command line/config [2]
__VECTOR_RAM {Abs}      0x1fff0000          --   Gb  command line/config [2]
__VECTOR_TABLE {Abs}    0x00000000          --   Gb  command line/config [2]
__aeabi_cfcmple         0x00005515         Code  Gb  FltCmpLe.o [4]
__aeabi_cfrcmple        0x000054f1         Code  Gb  FltCmpGe.o [4]
__aeabi_d2f             0x00005695         Code  Gb  DblToFlt.o [4]
__aeabi_d2iz            0x00001bf5         Code  Gb  DblToI32.o [4]
__aeabi_dadd            0x000055ad         Code  Gb  DblAdd.o [4]
__aeabi_ddiv            0x00005725         Code  Gb  DblDiv.o [4]
__aeabi_dmul            0x00001a51         Code  Gb  DblMul.o [4]
__aeabi_f2d             0x0000555d         Code  Gb  FltToDbl.o [4]
__aeabi_f2iz            0x00003e65         Code  Gb  FltToS32.o [4]
__aeabi_f2uiz           0x00005539         Code  Gb  FltToU32.o [4]
__aeabi_fadd            0x00005395         Code  Gb  FltAdd.o [4]
__aeabi_fdiv            0x0000596d         Code  Gb  FltDiv.o [4]
__aeabi_fmul            0x00005419         Code  Gb  FltMul.o [4]
__aeabi_fsub            0x000052ad         Code  Gb  FltSub.o [4]
__aeabi_i2d             0x00001a25         Code  Gb  I32ToDbl.o [4]
__aeabi_i2f             0x00003c45         Code  Gb  I32ToFlt.o [4]
__aeabi_memclr4         0x00003e5d         Code  Gb  ABImemclr4.o [5]
__aeabi_ui2f            0x00003c59         Code  Gb  I32ToFlt.o [4]
__cmain                 0x00006701         Code  Gb  cmain.o [5]
__exit                  0x0000672d   0x14  Code  Gb  exit.o [6]
__iar_Memset4_word      0x00003ea9         Code  Gb  ABImemset48.o [5]
__iar_Memset8_word      0x00003ea9         Code  Gb  ABImemset48.o [5]
__iar_SB                0x0000693c         Data  Gb  bwt_init3c.o [5]
__iar_d2uiz             0x00001c21         Code  Gb  DblToI32.o [4]
__iar_dadd              0x000055c1         Code  Gb  DblAdd.o [4]
__iar_data_init3        0x000064c1   0x2c  Code  Gb  data_init3.o [5]
__iar_dsub              0x00005a69         Code  Gb  DblSub.o [4]
__iar_dsubStart         0x00005a7b         Code  Gb  DblSub.o [4]
__iar_fadd              0x000053a5         Code  Gb  FltAdd.o [4]
__iar_fsub              0x000052bd         Code  Gb  FltSub.o [4]
__iar_fsubStart         0x000052cd         Code  Gb  FltSub.o [4]
__iar_program_start     0x000068f1         Code  Gb  cstartup_M.o [5]
__iar_ui2d              0x00001a39         Code  Gb  I32ToDbl.o [4]
__iar_ui2f              0x00003c5d         Code  Gb  I32ToFlt.o [4]
__iar_zero_init3        0x00001a03   0x22  Code  Gb  zero_init3.o [5]
__low_level_init        0x00006717    0x4  Code  Gb  low_level_init.o [3]
__vector_table          0x00000000  0x410  Data  Gb  vectors.o [1]
_call_main              0x0000670d         Code  Gb  cmain.o [5]
_exit                   0x00006721         Code  Gb  cexit.o [5]
_main                   0x00006713         Code  Gb  cmain.o [5]
ad_ave                  0x00001901   0x74  Code  Gb  adc.o [1]
ad_once                 0x00001883   0x7e  Code  Gb  adc.o [1]
adc_config_alt          0x000019dd   0x26  Code  Lc  adc.o [1]
adc_init                0x00001649  0x23a  Code  Gb  adc.o [1]
adc_start               0x00001975   0x48  Code  Gb  adc.o [1]
angle_offset_vertical   0x1fff0cb8    0x4  Data  Gb  zlcontrol.o [1]
assert_failed           0x0000213d   0x20  Code  Gb  assert.o [1]
b                       0x1fff0cf4    0x1  Data  Gb  isr.o [1]
bus_clk_khz             0x1fff0cb0    0x4  Data  Gb  sysinit.o [1]
buxianL                 0x1fff0cfa    0x1  Data  Gb  main.o [1]
buxianR                 0x1fff0cfb    0x1  Data  Gb  main.o [1]
ccd1_mid                0x1fff0604    0x4  Data  Gb  calculation.o [1]
common_startup          0x00004a25   0xc0  Code  Gb  startup.o [1]
core_clk_khz            0x1fff0ca8    0x4  Data  Gb  sysinit.o [1]
core_clk_mhz            0x1fff0cac    0x4  Data  Gb  sysinit.o [1]
cpu_identify            0x000045fb  0x20a  Code  Gb  start.o [1]
d                       0x1fff0cf5    0x1  Data  Gb  isr.o [1]
dandao                  0x1fff0c0c    0x4  Data  Gb  main.o [1]
dandaoBDD               0x1fff0c10    0x4  Data  Gb  main.o [1]
dandaoHDD               0x1fff0c14    0x4  Data  Gb  main.o [1]
default_isr             0x00001bf3    0x2  Code  Gb  vectors.o [1]
delayms                 0x00002979   0x1e  Code  Gb  delay.o [1]
df                      0x1fff0cf0    0x1  Data  Gb  isr.o [1]
directcontrol           0x00005bd5  0x15a  Code  Gb  direct.o [1]
directcontrolout        0x00005d2f   0x34  Code  Gb  direct.o [1]
direction               0x1fff0ab4    0x4  Data  Gb  direct.o [1]
direction_pwm           0x1fff0ab0    0x4  Data  Gb  direct.o [1]
direction_pwmmax        0x1fff0c58    0x4  Data  Gb  main.o [1]
enable_irq              0x00003da7   0x94  Code  Gb  arm_cm4.o [1]
exit                    0x0000671b    0x4  Code  Gb  exit.o [3]
fDValue                 0x1fff0aa8    0x4  Data  Gb  direct.o [1]
fanzhuan                0x1fff0cf3    0x1  Data  Gb  isr.o [1]
flash_cmd_launch        0x1fff0419   0x20  Code  Lc  flash.o [1]
flash_erase_sector      0x1fff0461   0x7c  Code  Gb  flash.o [1]
flash_identify          0x00004805   0xbe  Code  Gb  start.o [1]
flash_init              0x1fff0439   0x28  Code  Gb  flash.o [1]
flash_write             0x1fff04dd   0x8c  Code  Gb  flash.o [1]
fs                      0x1fff0cf1    0x1  Data  Gb  isr.o [1]
g_fCarAngle             0x1fff0cc0    0x4  Data  Gb  zlcontrol.o [1]
g_fDirectionControlOutNew
                        0x1fff0ac0    0x4  Data  Gb  direct.o [1]
g_fDirectionControlOutOld
                        0x1fff0ac4    0x4  Data  Gb  direct.o [1]
g_fGyroscopeAngleIntegral
                        0x1fff0cbc    0x4  Data  Gb  zlcontrol.o [1]
g_fSpeedControlIntegral
                        0x1fff0c7c    0x4  Data  Gb  speed.o [1]
g_fSpeedControlIntegralp
                        0x1fff0c80    0x4  Data  Gb  speed.o [1]
g_fSpeedControlOutNew   0x1fff0c88    0x4  Data  Gb  speed.o [1]
g_fSpeedControlOutOld   0x1fff0c84    0x4  Data  Gb  speed.o [1]
g_nDirectionControlPeriod
                        0x1fff0ced    0x1  Data  Gb  direct.o [1]
g_nSpeedControlPeriod   0x1fff0d00    0x1  Data  Gb  speed.o [1]
gpio_get                0x00001615   0x26  Code  Gb  gpio.o [1]
gpio_init               0x0000155d   0xb8  Code  Gb  gpio.o [1]
gyro                    0x1fff0ac8    0x4  Data  Gb  direct.o [1]
gyro_DIR                0x1fff0ccc    0x4  Data  Gb  zlcontrol.o [1]
js                      0x1fff0cf2    0x1  Data  Gb  isr.o [1]
led                     0x0000239d   0x1e  Code  Gb  LED.o [1]
leftzhijiao             0x1fff0ce0    0x1  Data  Gb  calculation.o [1]
lwc                     0x1fff0cd2    0x2  Data  Gb  speed.o [1]
main                    0x000029d5  0xc98  Code  Gb  main.o [1]
mcg_div                 0x1fff063c    0x8  Data  Gb  mcg.o [1]
out_char                0x000068b1   0x10  Code  Gb  io.o [1]
out_kd                  0x1fff0abc    0x4  Data  Gb  direct.o [1]
out_kdd                 0x1fff0acc    0x4  Data  Gb  direct.o [1]
out_kp                  0x1fff0ab8    0x4  Data  Gb  direct.o [1]
pit_init                0x00003bd5   0x62  Code  Gb  PIT.o [1]
pll_init                0x00004b49  0x304  Code  Gb  mcg.o [1]
printf                  0x0000294f   0x26  Code  Gb  printf.o [1]
printk                  0x00002545  0x40a  Code  Gb  printf.o [1]
printk_mknumstr         0x0000244f   0xaa  Code  Lc  printf.o [1]
printk_pad_space        0x0000251f   0x26  Code  Lc  printf.o [1]
printk_pad_zero         0x000024f9   0x26  Code  Lc  printf.o [1]
printk_putc             0x0000241d   0x32  Code  Lc  printf.o [1]
push                    0x00002055   0x30  Code  Gb  freecars.o [1]
quanbaiMIN              0x1fff0cfe    0x1  Data  Gb  main.o [1]
quanheiMAX              0x1fff0cfd    0x1  Data  Gb  main.o [1]
rectifyT                0x1fff0c08    0x4  Data  Gb  main.o [1]
rightzhijiao            0x1fff0ce1    0x1  Data  Gb  calculation.o [1]
rwc                     0x1fff0cd4    0x2  Data  Gb  speed.o [1]
sdkz                    0x1fff0c74    0x4  Data  Gb  speed.o [1]
sdsd                    0x1fff0c78    0x4  Data  Gb  speed.o [1]
sendDataToCCDViewer     0x00002085   0x5c  Code  Gb  freecars.o [1]
sendDataToScope         0x000020e1   0x54  Code  Gb  freecars.o [1]
set_sys_dividers        0x1fff0599   0x50  Code  Gb  mcg.o [1]
sf                      0x1fff0cef    0x1  Data  Gb  isr.o [1]
shizi                   0x1fff0ce9    0x1  Data  Gb  calculation.o [1]
speed_Start             0x1fff0c64    0x4  Data  Gb  speed.o [1]
speedcontrol            0x00005007  0x184  Code  Gb  speed.o [1]
speedcontrolout         0x0000518b   0x34  Code  Gb  speed.o [1]
ssc                     0x00004e4d  0x1ba  Code  Gb  speed.o [1]
start                   0x000044cd  0x12e  Code  Gb  start.o [1]
strlen                  0x0000299d   0x20  Code  Gb  stdlib.o [1]
sysinit                 0x00004ae5   0x48  Code  Gb  sysinit.o [1]
t                       0x1fff0608    0x4  Data  Gb  calculation.o [1]
t1                      0x1fff060c    0x4  Data  Gb  calculation.o [1]
t2                      0x1fff0ce2    0x1  Data  Gb  calculation.o [1]
t3                      0x1fff0ce3    0x1  Data  Gb  calculation.o [1]
t4                      0x1fff0ce4    0x1  Data  Gb  calculation.o [1]
t5                      0x1fff0ce5    0x1  Data  Gb  calculation.o [1]
t6                      0x1fff0ce6    0x1  Data  Gb  calculation.o [1]
t7                      0x1fff0ce7    0x1  Data  Gb  calculation.o [1]
t8                      0x1fff0ce8    0x1  Data  Gb  calculation.o [1]
tt                      0x1fff0a98    0x4  Data  Gb  calculation.o [1]
tt1                     0x1fff0aa0    0x4  Data  Gb  calculation.o [1]
ttt                     0x1fff0a9c    0x4  Data  Gb  calculation.o [1]
ttt1                    0x1fff0aa4    0x4  Data  Gb  calculation.o [1]
tx                      0x1fff0cf6    0x1  Data  Gb  main.o [1]
uSendBuf                0x1fff0ad0   0x24  Data  Gb  freecars.o [1]
uart_init               0x0000215d  0x1ae  Code  Gb  uart.o [1]
uart_putchar            0x0000230b   0x1a  Code  Gb  uart.o [1]
water_lights            0x000023bb   0x5c  Code  Gb  LED.o [1]
wdog_disable            0x000049ed   0x16  Code  Gb  wdog.o [1]
wdog_unlock             0x00004a05   0x16  Code  Gb  wdog.o [1]
write_vtor              0x00003da1    0x6  Code  Gb  arm_cm4.o [1]
yz                      0x1fff0cf7    0x1  Data  Gb  main.o [1]
yz1                     0x1fff0cf8    0x1  Data  Gb  main.o [1]
yz2                     0x1fff0cf9    0x1  Data  Gb  main.o [1]
zhangaiDmax             0x1fff0c54    0x4  Data  Gb  main.o [1]
zhangai_t               0x1fff0ceb    0x1  Data  Gb  calculation.o [1]
zhijiao                 0x1fff0cfc    0x1  Data  Gb  main.o [1]
zhijiaoBD_Kp            0x1fff0c20    0x4  Data  Gb  main.o [1]
zhijiaoBDpwmmax         0x1fff0c18    0x4  Data  Gb  main.o [1]
zhijiaoBS_Kp            0x1fff0c1c    0x4  Data  Gb  main.o [1]
zhijiaoHD_Kp            0x1fff0c2c    0x4  Data  Gb  main.o [1]
zhijiaoHDpwmmax         0x1fff0c24    0x4  Data  Gb  main.o [1]
zhijiaoHS_Kp            0x1fff0c28    0x4  Data  Gb  main.o [1]
zhuan                   0x1fff0cde    0x1  Data  Gb  calculation.o [1]
zhuan1                  0x1fff0cdf    0x1  Data  Gb  calculation.o [1]
zkd                     0x1fff0c34    0x4  Data  Gb  main.o [1]
zkp                     0x1fff0c30    0x4  Data  Gb  main.o [1]
zlf                     0x1fff0cee    0x1  Data  Gb  isr.o [1]
zwc                     0x1fff0c70    0x4  Data  Gb  speed.o [1]


[1] = C:\Users\lz\Desktop\7.27\build\cs_demo\Debug\Obj
[2] = command line
[3] = dl7M_tln.a
[4] = m7M_tl.a
[5] = rt7M_tl.a
[6] = shb_l.a

  22 250 bytes of readonly  code memory
     472 bytes of readwrite code memory
   4 690 bytes of readonly  data memory
   1 818 bytes of readwrite data memory

Errors: none
Warnings: none
